// Jest Snapshot v1, https://goo.gl/fbAQLP

exports[`CustomList should match snapshot 1`] = `
<View>
  <RCTScrollView
    ItemSeparatorComponent={
      {
        "$$typeof": Symbol(react.memo),
        "compare": null,
        "type": [Function],
      }
    }
    contentContainerStyle={
      {
        "paddingHorizontal": 15,
      }
    }
    data={
      [
        1,
        2,
        3,
        4,
        5,
      ]
    }
    getItem={[Function]}
    getItemCount={[Function]}
    keyExtractor={[Function]}
    onContentSizeChange={[Function]}
    onLayout={[Function]}
    onMomentumScrollBegin={[Function]}
    onMomentumScrollEnd={[Function]}
    onScroll={[Function]}
    onScrollBeginDrag={[Function]}
    onScrollEndDrag={[Function]}
    removeClippedSubviews={false}
    renderItem={[Function]}
    scrollEventThrottle={50}
    showsHorizontalScrollIndicator={false}
    showsVerticalScrollIndicator={false}
    stickyHeaderIndices={[]}
    viewabilityConfigCallbackPairs={[]}
  >
    <View>
      <View
        onFocusCapture={[Function]}
        onLayout={[Function]}
        style={null}
      >
        <Text
          testID="list-item"
        >
          1
        </Text>
        <View
          style={
            {
              "width": 15,
            }
          }
          testID="list-item-separator"
        />
      </View>
      <View
        onFocusCapture={[Function]}
        onLayout={[Function]}
        style={null}
      >
        <Text
          testID="list-item"
        >
          2
        </Text>
        <View
          style={
            {
              "width": 15,
            }
          }
          testID="list-item-separator"
        />
      </View>
      <View
        onFocusCapture={[Function]}
        onLayout={[Function]}
        style={null}
      >
        <Text
          testID="list-item"
        >
          3
        </Text>
        <View
          style={
            {
              "width": 15,
            }
          }
          testID="list-item-separator"
        />
      </View>
      <View
        onFocusCapture={[Function]}
        onLayout={[Function]}
        style={null}
      >
        <Text
          testID="list-item"
        >
          4
        </Text>
        <View
          style={
            {
              "width": 15,
            }
          }
          testID="list-item-separator"
        />
      </View>
      <View
        onFocusCapture={[Function]}
        onLayout={[Function]}
        style={null}
      >
        <Text
          testID="list-item"
        >
          5
        </Text>
      </View>
    </View>
  </RCTScrollView>
</View>
`;
